=========================================================================================================================
=G<<<<=.......V<<<=.V<<<=........=..=.....=........=........=..=.....=.............................=..=..=.....=........=
=..=.^=======.V=.^=.V=.^=..=======..====..=..=..=..=..====..=..=..====..=..=======..=============..=..=..====..=..=..=..=
=..=.^<<<=.V<<<=.^<<<=.^<<.=..=..=..=........=..=..=.....=.....=.....=..=..=.....=.....=.....=.................=..=..=..=
=======.^=.V=======..====^.=..=..=..=..=============..=..=======..====..=======..=======..=..=..====..=..=..=..=..=======
=.......^<<<=........=.>>^.......=....................=........=..=........=........=.....=..=.....=..=..=..=........=..=
=..===================.^====..=..=..==========..=..=======..====..=..=..=..=..=..=..=======..=======..=..=..==========..=
=.....=..=..=........=.^<<<=..=..=...........=..=..=.....=..=........=..=..=..=..=.....=........=.....=..=..............=
=..====..=..=..=..=..====.^=======..====..==========..=======..=======..=..=..=..====..=..=..====..=============..=======
=.....=..=..=..=..=.....=.^...=........=........=.....=..=..=..=........=.....=..=.....=..=........=...........=..=.....=
=..====..=..=..==========.^=======..=======..=..=..====..=..=..==========..=..=======..=======..=======..====..=..=..====
=........=..=...........=.^=.....=.....=.....=...........=.....=.....=..=..=..=..=.....=.................=.....=..=.....=
==========..=======..=..=.^=..====..=============..==========..====..=..=======..=..=..=======..====..=..=..==========..=
=.....=........=.....=....^<<<<<<<<<<<<=..=..=..=..=..=........=..=.....=.....=.....=.....=..=.....=..=..=..............=
====..=..====..=..====..==========..=.^=..=..=..====..====..====..=..====..================..=..=======..================
=.....=..=..=.....=..=........=.....=.^<<.=..=.....=..=.V<<<<<<=..=..=.....=..=........=..=..=..=.....=.....=........=..=
====..=..=..====..=..===================^.=..====..=..=V<====.^=..=..=..=..=..=..=======..=..=..=..====..=======..====..=
=.....=..=.......=........=.............^=....V<<<<<<=.V=.....^<<=..=..=.....=.....=.....=..=.....=...........=........==
===..=======..=======..=..====..=======.^====.V=..=.^=.V=..====.^=..=..=======..=======..=..====..==========..=..=..=====
..=........=..=........=.....=.....=....^<<<<<<=..=.^<<<=.....=.^......=..=........=.....=.....=..=..............=..=..==
..=======..=..=..=..================..=..==========..==========.^=======..====..=======..====..=======..====..=======..==
........=.....=..=.....=...........=..=........=..=..=.....=....^<<<<<<=........=..............=.....=..=.....=.....=..==
======..====..=..====..==========..==========..=..=======..====..====.^=======..=============..====..=..=..=======..=..==
..=.................=..=.....=.....=..=...........=.................=.^=..=.....=....................=..=.....=..=.....==
..=============..==========..=..=..=..=..=..====..==========..====..=.^=..====..=..=======..================..=..====..==
..=..=..............=..=........=.....=..=.....=........=.....=..=..=.^<<....=........=..=.....=..=..=........=..=.....==
..=..====..=..====..=..=======..=..=============..=============..=======^.==========..=..====..=..=..=======..=..====..==
..=........=..=...........=.....=.....=.....=........=...........=..=...^....=..=.....=.....=.....=..=.....=..=........==
..=..====..=..====..=======..=..=======..=..=..=============..====..====^.=..=..==========..====..=..=..====..=..====..==
..=.....=..=..=..=...........=.....=.....=..=..=........=..=............^.=.....=.....=...........=.....=.....=..=.....==
..=..=..=..====..====..====..=..==========..====..=..=..=..====..=======^.====..====..====..=..=..=..================..==
.....=..=..=.....=........=..=..............=.....=..=..=.....=.....=.>>^.=.....=...........=..=.................=.....==
=========..=..==========..====..=======..==========..=..=..====..====.^=============..====..====..==========..====..=====
..=..=..=........=...........=..=...........=..=.....=.....=.....=.>>>^=...........=.....=.....=..=.....=.....=..=.....==
..=..=..=..=..====..====..=..====..====..====..=..=..====..====..=.^==========..=..=..=======..=======..=..====..====..==
..=..=.....=.....=.....=..=..=..=.....=..=........=..=.....=..=..=.^=..=..=..=..=..=..=.....=..=.....=...........=.....==
..=..====..==========..=======..=..====..====..=..==========..====.^=..=..=..====..=..=..=======..=======..==========..==
.....=..=...........=.....=.....=.....=........=.....=.............^...=..=.....=..............=.....=.................==
===..=..=..=..=============..=..=======..====..=..=..=============.^====..=..==========..=======..=..=..=..=..=..========
.....=.....=.................=..=..=.....=..=..=..=.....=........=.^<<<=........=..=........=.....=..=..=..=..=..=.....==
..==========..================..=..====..=..==========..=======..=..=.^=======..=..====..=..=..=..=..=..=======..====..==
.............................=.....=.....=..=..............=.....=..=.^<<.=..=........=..=..=..=..=..=.....=..=........==
===..===================..=..=..==========..=..=..=..=..====..====..====^.=..=..==========..=..==========..=..===========
..=....................=..=..=.....=...........=..=..=...........=..=.>>^....=..=.......................=..............==
..=..====..=..=..====..==========..====..====..=======..=============.^=..=..=..=..=======..====..====..=..=..=..====..==
..=..=.....=..=..=..=..=.....=..=..=..=.....=.....=.....=.......>>>>>>^=..=..=........=..=.....=..=..=..=..=..=..=.....==
..=..====..=======..=..=..====..====..=..=============..=..====.^=======..=..=..=..====..=======..=..================..==
........=.....=..=........=........=.....=........=..=..=..=..=.^=..=..=..=.....=..=.....=.....=.....=..=..=.....=.....==
===..====..=..=..====..=..=..====..====..====..=..=..=..====..=.^=..=..=..=======..====..=..=======..=..=..====..=..=====
.....=.....=..=........=........=..=..=..=..=..=..=..=.....=.>>>^=..=..=........=........=........=..=..=...........=..==
..=======..====..====..=============..=..=..====..=..=======.^====..=..===================..=..=..=..=..==========..=..==
.....=.....=.....=.....=..=........=.....=.....=..=..=.....=.^<<<...=.V<<<=.....=.....=..=..=..=........=.....=........==
======..================..=..=..=..====..====..=..=..=..=======.^====.V=.^=..=======..=..====..=..=..====..====..====..==
..=.................=.....=..=..=.....=...........=.....=.......^<<<<<<=.^<<<=........=..=.....=..=...........=.....=..==
..=============..=..====..=..====..====..====..=..=..===================..=.^=..=======..=..=..=======..====..====..=====
........=.....=..=.....=..=..=..=..=..=.....=..=..=..............=..=.....=.^<<.=.....=.....=........=..=.....=..=.....==
===..====..=======..====..====..=..=..====..====..=..====..=======..=..=======^.====..====..================..=..========
..=.....=.....=..=.....=..............=.....=.....=.....=..=..=...........=.>>^....=.V<<<=..=..=..=.....=.....=.V<<<...==
..=..====..=..=..=..=..=..=======..====..=======..=..=======..====..=..====.^=..=..=.V=.^====..=..====..====..=.V=.^=====
.....=.....=.....=..=..=........=..=..=..=.......................=..=..=....^=..=..=.V=.^...=.....=........=..=.V=.^<<<==
===..=..=============..=..==========..====..====..====..=..=..=..==========.^=======.V=.^====..====..==========.V====.^==
..........................=..=..............=.....=..=..=..=..=........=....^<<<...=.V=.^=.V<<<...=..=..=.V<<<<<<=..=.^==
..==========..=..=..====..=..=..=..====..=======..=..==========..====..=..====.^====.V=.^=.V=.^====..=..=.V=======..=.^==
..=..=.....=..=..=..=..=..=.....=..=........=.....=..=..=.....=..=..=..=.....=.^<<<<<<=.^<<<=.^<<<<<.=....>>>>>V....=.^==
..=..=..==========..=..=======..====..==========..=..=..=..=..=..=..=======..=======..=..==========^.==========V.=..=.^==
.....=........=........=..=..=..=..=.....=.................=..=.....=..=..=..=........=.....=....>>^.=.....=..=V.=..=.^==
======..====..=..=======..=..====..=..====..==========..=..=..=======..=..=..================..=.^=..====..=..=V.====.^==
...........=..=...........=...........=.....=..=..=.....=..=.....=.....=..=........=..=.....=..=.^=.....=.V<<<<<.=..=.^==
..==========..====..==========..=..=..=======..=..=..==========..====..=..=..=..====..====..=..=.^=======.V=..====..=.^==
.....=..............=...........=..=..=....................=.....=...........=.....=...........=.^<<<<<<<<<=.....=....S==
======================================================================================================================== 