====================
=====S============.=
=====>>>>>>>>>>>>>V=
=======....=======V=
=========.=====.==V=
=>>>>G=.=.=====.==V=
=^=====.=.=====.==V=
=^=====.=.===.....V=
=^===.=...==..====V=
=^===...=.===.====V=
=^===.===.===.====V=
=^===.=...========V=
=^===.=.=........=V=
=^===...=====.====V=
=^====.=====..====V=
=^==...=====.=====V=
=^====...........=V=
=^================V=
=^<<<<<<<<<<<<<<<<<=
====================