====================
====================
====================
===============>>>V=
===============^==V=
===============^==V=
===============^==V=
===>>>>>>>>>>>>^==V=
===^=============S<=
===^================
===^================
===^<<<<<<<<<<<<<===
================^===
================^===
================^===
======V<<<<=====^===
======V===^=====^===
======V===G=====^===
======>>>>>>>>>>^===
====================